<html>
<body>
<pre>
<h1>µVision Build Log</h1>
<h2>Tool Versions:</h2>
IDE-Version: µVision V5.43.1.0
Copyright (C) 2025 ARM Ltd and ARM Germany GmbH. All rights reserved.
License Information: admin admin
admin
User-based license: Keil MDK Community (non-commercial free of charge)
Valid until: Jun 1 2033. Cached until: Dec 20 2025
 
Tool Versions:
Toolchain:       Keil MDK Community (non-commercial free of charge  Version: 5.43.0.0
Toolchain Path:  G:\KeilC\KeilC_v5\ARM\ARMCC\Bin
C Compiler:      Armcc.exe V5.06 update 7 (build 960)
Assembler:       Armasm.exe V5.06 update 7 (build 960)
Linker/Locator:  ArmLink.exe V5.06 update 7 (build 960)
Library Manager: ArmAr.exe V5.06 update 7 (build 960)
Hex Converter:   FromElf.exe V5.06 update 7 (build 960)
CPU DLL:         SARMCM3.DLL V5.43.0.0
Dialog DLL:      DCM.DLL V1.17.5.0
Target DLL:      STLink\ST-LINKIII-KEIL_SWO.dll V3.3.1.0
Dialog DLL:      TCM.DLL V1.56.6.0
 
<h2>Project:</h2>
C:\Users\tad29\OneDrive\Documents\Stm32f103c8t6_SPL_Project\10.FreeRTOS\3\MDK\semaphore.uvprojx
Project File Date:  12/13/2025

<h2>Output:</h2>
*** Warning: The configured compiler version '5.06 update 7 (build 960)' does not support the selected User Based Licensing technology.
*** Using Compiler 'V5.06 update 7 (build 960)', folder: 'G:\KeilC\KeilC_v5\ARM\ARMCC\Bin'
Rebuild target 'Target_1'
compiling os_systick.c...
compiling stm32f10x_exti.c...
compiling misc.c...
compiling stm32f10x_gpio.c...
compiling clib_arm.c...
compiling main.c...
..\USER\main.c(165): warning:  #1-D: last line of file ends without a newline
  }
..\USER\main.c: 1 warning, 0 errors
assembling startup_stm32f10x_md.s...
compiling cmsis_os2.c...
compiling system_stm32f10x.c...
compiling stm32f10x_rcc.c...
compiling list.c...
compiling event_groups.c...
compiling freertos_evr.c...
compiling heap_4.c...
compiling port.c...
compiling queue.c...
compiling timers.c...
compiling tasks.c...
linking...
Program Size: Code=9280 RO-data=268 RW-data=144 ZI-data=13176  
".\Objects\semaphore.axf" - 0 Error(s), 1 Warning(s).

<h2>Software Packages used:</h2>

Package Vendor: ARM
                http://www.keil.com/pack/ARM.CMSIS.5.8.0.pack
                ARM::CMSIS@5.8.0
                CMSIS (Common Microcontroller Software Interface Standard)
   * Component: CORE Version: 5.5.0
   * Component: RTOS2 Version: 2.1.3

Package Vendor: ARM
                http://www.keil.com/pack/ARM.CMSIS-FreeRTOS.10.3.1.pack
                ARM::CMSIS-FreeRTOS@10.3.1
                Bundle of FreeRTOS for Cortex-M and Cortex-A
   * Component: FreeRTOS Variant: Cortex-M Version: 10.3.1
   * Component: Config Variant: CMSIS RTOS2 Version: 10.3.1
   * Component: Core Variant: Cortex-M Version: 10.3.1
   * Component: Event Groups Version: 10.3.1
   * Component: Heap Variant: Heap_4 Version: 10.3.1
   * Component: Timers Version: 10.3.1

Package Vendor: Keil
                https://www.keil.com/pack/Keil.STM32F1xx_DFP.2.4.1.pack
                Keil::STM32F1xx_DFP@2.4.1
                STMicroelectronics STM32F1 Series Device Support, Drivers and Examples
   * Component: Startup Version: 1.0.0
   * Component: EXTI Version: 3.6.0
   * Component: Framework Version: 3.6.0
   * Component: GPIO Version: 3.6.0
   * Component: RCC Version: 3.6.0

<h2>Collection of Component include folders:</h2>
  ./RTE/Device/STM32F103C8
  ./RTE/RTOS
  ./RTE/_Target_1
  G:/KeilC/Packs/ARM/CMSIS-FreeRTOS/10.3.1/CMSIS/RTOS2/FreeRTOS/Include
  G:/KeilC/Packs/ARM/CMSIS-FreeRTOS/10.3.1/Source/include
  G:/KeilC/Packs/ARM/CMSIS-FreeRTOS/10.3.1/Source/portable/RVDS/ARM_CM3
  G:/KeilC/Packs/ARM/CMSIS/5.8.0/CMSIS/Core/Include
  G:/KeilC/Packs/ARM/CMSIS/5.8.0/CMSIS/RTOS2/Include
  G:/KeilC/Packs/Keil/STM32F1xx_DFP/2.4.1/Device/Include
  G:/KeilC/Packs/Keil/STM32F1xx_DFP/2.4.1/Device/StdPeriph_Driver/inc

<h2>Collection of Component Files used:</h2>

   * Component: ARM::CMSIS:CORE@5.5.0

   * Component: ARM::CMSIS:RTOS2:FreeRTOS&Cortex-M@10.3.1
      Include file:  CMSIS/RTOS2/FreeRTOS/Include/freertos_mpool.h
      Source file:   CMSIS/RTOS2/FreeRTOS/Source/ARM/clib_arm.c
      Source file:   CMSIS/RTOS2/FreeRTOS/Source/cmsis_os2.c
      Source file:   CMSIS/RTOS2/FreeRTOS/Source/os_systick.c

   * Component: ARM::RTOS&FreeRTOS:Config&CMSIS RTOS2@10.3.1
      Include file:  CMSIS/RTOS2/FreeRTOS/Config/ARMCM/FreeRTOSConfig.h

   * Component: ARM::RTOS&FreeRTOS:Core&Cortex-M@10.3.1
      Source file:   Source/tasks.c
      Include file:  Source/include/semphr.h
      Source file:   Source/portable/RVDS/ARM_CM3/port.c
      Include file:  Source/include/queue.h
      Source file:   Source/queue.c
      Include file:  Source/include/FreeRTOS.h
      Include file:  Source/include/task.h
      Source file:   Source/list.c
      Source file:   CMSIS/RTOS2/FreeRTOS/Source/freertos_evr.c

   * Component: ARM::RTOS&FreeRTOS:Event Groups@10.3.1
      Include file:  Source/include/event_groups.h
      Source file:   Source/event_groups.c

   * Component: ARM::RTOS&FreeRTOS:Heap&Heap_4@10.3.1
      Source file:   Source/portable/MemMang/heap_4.c

   * Component: ARM::RTOS&FreeRTOS:Timers@10.3.1
      Include file:  Source/include/timers.h
      Source file:   Source/timers.c

   * Component: CMSIS:RTOS2(API)@2.1.3
      Include file:  CMSIS/RTOS2/Include/cmsis_os2.h

   * Component: Keil::Device:Startup@1.0.0
      Source file:   Device/Source/system_stm32f10x.c
      Include file:  RTE_Driver/Config/RTE_Device.h
      Source file:   Device/Source/ARM/startup_stm32f10x_md.s
      Source file:   Device/Source/ARM/STM32F1xx_OPT.s

   * Component: Keil::Device:StdPeriph Drivers:EXTI@3.6.0
      Source file:   Device/StdPeriph_Driver/src/stm32f10x_exti.c
      Include file:  Device/StdPeriph_Driver/inc/stm32f10x_exti.h

   * Component: Keil::Device:StdPeriph Drivers:Framework@3.6.0
      Source file:   Device/StdPeriph_Driver/templates/stm32f10x_it.c
      Source file:   Device/StdPeriph_Driver/templates/stm32f10x_conf.h
      Include file:  Device/StdPeriph_Driver/inc/misc.h
      Include file:  Device/StdPeriph_Driver/templates/stm32f10x_it.h
      Source file:   Device/StdPeriph_Driver/src/misc.c

   * Component: Keil::Device:StdPeriph Drivers:GPIO@3.6.0
      Source file:   Device/StdPeriph_Driver/src/stm32f10x_gpio.c
      Include file:  Device/StdPeriph_Driver/inc/stm32f10x_gpio.h

   * Component: Keil::Device:StdPeriph Drivers:RCC@3.6.0
      Include file:  Device/StdPeriph_Driver/inc/stm32f10x_rcc.h
      Source file:   Device/StdPeriph_Driver/src/stm32f10x_rcc.c
Build Time Elapsed:  00:00:03
</pre>
</body>
</html>
